---
source: tests/tests/build.rs
assertion_line: 102
expression: contents
---
<roblox version="4">
  <Item class="Folder" referent="0">
    <Properties>
      <string name="Name">server_init</string>
    </Properties>
    <Item class="Script" referent="1">
      <Properties>
        <string name="Name">server_test</string>
        <string name="Source"><![CDATA[return "From folder/server_test.lua"
]]></string>
      </Properties>
    </Item>
    <Item class="StringValue" referent="2">
      <Properties>
        <string name="Name">wally</string>
        <string name="Value"><![CDATA[# This file is automatically @generated by Wally.
# It is not intended for manual editing.
registry = "test"

[[package]]
name = "evaera/promise"
version = "4.0.0"
dependencies = []

[[package]]
name = "roblox/roact"
version = "1.4.4"
dependencies = []
]]></string>
      </Properties>
    </Item>
  </Item>
</roblox>
